########################################################
INFO : Collecting and Spooling logs and metrics
INFO : For Operating System
########################################################


----------
INFO : Current Date and time of Server :: Thu May 18 17:23:18 NPT 2017
----------


----------
INFO : Gathering the host file info :: 
# Do not remove the following line, or various programs
# that require network functionality will fail.
127.0.0.1		localhost.localdomain localhost
::1		localhost6.localdomain6 localhost6

--Public IP      
192.168.179.113  node1.localdomain node1
192.168.179.114  node2.localdomain node2
192.168.179.120  node3.localdomain node3

--Private IP                           
10.10.1.10 node1-priv.localdomain node1-priv
10.10.1.20 node2-priv.localdomain node2-priv
10.10.1.30 node3-priv.localdomain node3-priv

--Virtual IP                            
192.168.179.115  node1-vip.localdomain  node1-vip
192.168.179.116  node2-vip.localdomain  node2-vip
192.168.179.121  node3-vip.localdomain  node3-vip
----------


----------
INFO : Gathering the user info :: 
root:x:0:0:root:/root:/bin/bash
bin:x:1:1:bin:/bin:/sbin/nologin
daemon:x:2:2:daemon:/sbin:/sbin/nologin
adm:x:3:4:adm:/var/adm:/sbin/nologin
lp:x:4:7:lp:/var/spool/lpd:/sbin/nologin
sync:x:5:0:sync:/sbin:/bin/sync
shutdown:x:6:0:shutdown:/sbin:/sbin/shutdown
halt:x:7:0:halt:/sbin:/sbin/halt
mail:x:8:12:mail:/var/spool/mail:/sbin/nologin
news:x:9:13:news:/etc/news:
uucp:x:10:14:uucp:/var/spool/uucp:/sbin/nologin
operator:x:11:0:operator:/root:/sbin/nologin
games:x:12:100:games:/usr/games:/sbin/nologin
gopher:x:13:30:gopher:/var/gopher:/sbin/nologin
ftp:x:14:50:FTP User:/var/ftp:/sbin/nologin
nobody:x:99:99:Nobody:/:/sbin/nologin
nscd:x:28:28:NSCD Daemon:/:/sbin/nologin
vcsa:x:69:69:virtual console memory owner:/dev:/sbin/nologin
pcap:x:77:77::/var/arpwatch:/sbin/nologin
rpc:x:32:32:Portmapper RPC user:/:/sbin/nologin
mailnull:x:47:47::/var/spool/mqueue:/sbin/nologin
smmsp:x:51:51::/var/spool/mqueue:/sbin/nologin
ntp:x:38:38::/etc/ntp:/sbin/nologin
xfs:x:43:43:X Font Server:/etc/X11/fs:/sbin/nologin
sshd:x:74:74:Privilege-separated SSH:/var/empty/sshd:/sbin/nologin
rpcuser:x:29:29:RPC Service User:/var/lib/nfs:/sbin/nologin
nfsnobody:x:4294967294:4294967294:Anonymous NFS User:/var/lib/nfs:/sbin/nologin
dbus:x:81:81:System message bus:/:/sbin/nologin
avahi:x:70:70:Avahi daemon:/:/sbin/nologin
haldaemon:x:68:68:HAL daemon:/:/sbin/nologin
avahi-autoipd:x:100:101:avahi-autoipd:/var/lib/avahi-autoipd:/sbin/nologin
gdm:x:42:42::/var/gdm:/sbin/nologin
sabayon:x:86:86:Sabayon user:/home/sabayon:/sbin/nologin
oracle:x:500:501::/home/oracle:/bin/bash
grid:x:501:501::/home/grid:/bin/bash
----------


----------
INFO : Gathering the group info :: 
root:x:0:root
bin:x:1:root,bin,daemon
daemon:x:2:root,bin,daemon
sys:x:3:root,bin,adm
adm:x:4:root,adm,daemon
tty:x:5:
disk:x:6:root
lp:x:7:daemon,lp
mem:x:8:
kmem:x:9:
wheel:x:10:root
mail:x:12:mail
news:x:13:news
uucp:x:14:uucp
man:x:15:
games:x:20:
gopher:x:30:
dip:x:40:
ftp:x:50:
lock:x:54:
nobody:x:99:
users:x:100:
nscd:x:28:
utmp:x:22:
utempter:x:35:
floppy:x:19:
vcsa:x:69:
pcap:x:77:
slocate:x:21:
audio:x:63:gdm
rpc:x:32:
mailnull:x:47:
smmsp:x:51:
ntp:x:38:
xfs:x:43:
sshd:x:74:
rpcuser:x:29:
nfsnobody:x:4294967294:
dbus:x:81:
avahi:x:70:
haldaemon:x:68:
avahi-autoipd:x:101:
gdm:x:42:
sabayon:x:86:
oinstall:x:501:
dba:x:502:oracle,grid
oper:x:503:oracle
asmadmin:x:504:oracle,grid
asmdba:x:505:oracle,grid
asmoper:x:506:grid
----------


----------
INFO : Gathering the group info :: 
procs -----------memory---------- ---swap-- -----io---- --system-- -----cpu------
 r  b   swpd   free   buff  cache   si   so    bi    bo   in   cs us sy id wa st
 0  0 850692 157852   9692 836800    1    2    74   199   22   21 14  2 79  5  0
----------


----------
INFO : Gathering Input/output statistics :: 
Linux 2.6.18-194.el5 (node1.localdomain) 	05/18/2017

avg-cpu:  %user   %nice %system %iowait  %steal   %idle
          14.32    0.02    2.09    4.88    0.00   78.70

Device:            tps   Blk_read/s   Blk_wrtn/s   Blk_read   Blk_wrtn
sda              16.34        31.29       375.47   20103019  241242984
sda1              1.65        10.09        46.42    6485891   29822448
sda2             14.60        19.27       325.87   12379801  209371624
sda3              0.00         0.01         0.00       8893         16
sda4              0.00         0.00         0.00          9          0
sda5              0.09         1.91         3.19    1227984    2048896
hdc               0.00         0.00         0.00       1164          0
dm-0              0.00         0.01         0.00       8234         16
dm-1             41.27        19.27       325.87   12379170  209371624
sdb               4.12         5.07         1.00    3259751     644912
sdb1              4.12         5.07         1.00    3259153     644912
sdf               0.00         0.00         2.09       2581    1345686
sdf1              0.00         0.00         2.09       1968    1345686
sde               2.68        73.77        13.52   47399957    8685520
sde1              2.68        73.77        13.52   47399362    8685520
sdc               0.03         0.04         0.00      23746        100
sdc1              0.03         0.04         0.00      23148        100
sdd               0.91        26.13         3.49   16788395    2245552
sdd1              0.91        26.13         3.49   16787536    2245552
sdi               4.12         5.08         1.00    3261270     644857
sdi1              4.12         5.07         1.00    3260672     644857
sdh               0.04         0.36         0.00     229597        408
sdh1              0.04         0.36         0.00     228984        408
sdg               1.01         1.01         0.50     651114     324217
sdg1              1.01         1.01         0.50     650889     324217
sdj               4.12         5.08         1.00    3260752     644907
sdj1              4.12         5.07         1.00    3260154     644907
asm/asfsarch-395
                  0.03         0.00         0.00          0          0
asm/acfsarc-203
                  0.03         0.00         0.00          0          0
----------


----------
INFO : Track System files modification date :: 
-rw-r--r-- 1 root root 1603 May  5  2015 /etc/passwd
-rw-r--r-- 1 root root  740 May  5  2015 /etc/group
-rw-r--r-- 2 root root   83 Jun 14  2016 /etc/resolv.conf
-rw-r--r-- 2 root root  697 Aug 11  2016 /etc/hosts
-rw-r--r-- 2 root root  697 Aug 11  2016 /etc/hosts
----------


----------
INFO : COLLECTING INFORMATION SPECIFIC TO PLATFORM ::  
----------


----------
INFO : Your Platform is Linux :: Collecting Data
----------


----------
INFO : File system Info and Mountpoint Status :: 
--------
Filesystem            Size  Used Avail Use% Mounted on
/dev/sda1              15G  2.8G   11G  21% /
/dev/mapper/vol_u01-lvol_u01
                       20G   14G  5.3G  72% /u01
/dev/mapper/vol_soft-lvol_soft
                      9.7G  1.1G  8.2G  12% /software
tmpfs                1005M  611M  394M  61% /dev/shm
/dev/hdc              3.4G  3.4G     0 100% /repo
/dev/sdg1             1.0G  497M  528M  49% /archive
/dev/asm/acfsarc-203  512M  116M  397M  23% /acfsarch
/dev/asm/asfsarch-395
                      800M  189M  612M  24% /u01/app/grid/acfsmounts/arch
----------


----------
INFO : Default Profile :: 
--------
# .bash_profile

TMP=/tmp; export TMP
TMPDIR=$TMP; export TMPDIR
ORACLE_BASE=/u01/app/oracle; export ORACLE_BASE
ORACLE_HOME=/u01/app/oracle/product/11.2.0.4/db_2; export ORACLE_HOME
ORACLE_SID=svcg1; export ORACLE_SID
ORACLE_UNQNAME=svcg; export ORACLE_UNQNAME
ORACLE_HOSTNAME=`hostname`; export ORACLE_HOSTNAME
ORACLE_TERM=xterm; export ORACLE_TERM
PATH=/usr/sbin:$PATH; export PATH
PATH=$ORACLE_HOME/bin:$PATH; export PATH
LD_LIBRARY_PATH=$ORACLE_HOME/lib:/lib:/usr/lib;
export LD_LIBRARY_PATH
CLASSPATH=$ORACLE_HOME/JRE:$ORACLE_HOME/jlib:$ORACLE_HOME/rdbms/jlib;
export CLASSPATH

# Get the aliases and functions
if [ -f ~/.bashrc ]; then
	. ~/.bashrc
fi

# User specific environment and startup programs

PATH=$PATH:$HOME/bin:$ORACLE_HOME/OPatch

export PATH
----------


----------
INFO : Memory : MemTotal:      2057364 kB
MemFree:        157652 kB :: 
 Swap:
--------SwapCached:     288296 kB
SwapTotal:     4192924 kB
SwapFree:      3342232 kB
----------
